[viiencuentro.humanidadesdigitales.net/index.html]
[backblue.gif]
[fade.gif]
[index.html]
[viiencuentro.humanidadesdigitales.net/wp-json/oembed/1.0/embeda6af.json]
[viiencuentro.humanidadesdigitales.net/comments/feed/index.html]
[viiencuentro.humanidadesdigitales.net/wp-json/oembed/1.0/embedca96]
[viiencuentro.humanidadesdigitales.net/feed/index.html]
[viiencuentro.humanidadesdigitales.net/wp-content/uploads/2025/05/Fondo1-scaled.png]
[viiencuentro.humanidadesdigitales.net/wp-content/uploads/2025/05/Fondo2-scaled.png]
[viiencuentro.humanidadesdigitales.net/wp-content/uploads/2025/03/Footer-scaled.png]
[viiencuentro.humanidadesdigitales.net/wp-content/uploads/2025/03/Footer-movil.png]
[viiencuentro.humanidadesdigitales.net/wp-content/uploads/2025/03/Footer-movil-1-scaled.png]
[viiencuentro.humanidadesdigitales.net/wp-includes/js/jquery/jquery.minf43b.js]
[viiencuentro.humanidadesdigitales.net/wp-includes/js/jquery/jquery-migrate.min5589.js]
[viiencuentro.humanidadesdigitales.net/wp-content/plugins/sticky-header-effects-for-elementor/assets/js/she-header4c71.js]
[viiencuentro.humanidadesdigitales.net/wp-json/index.html]
[viiencuentro.humanidadesdigitales.net/wp-json/wp/v2/pages/33.json]
[viiencuentro.humanidadesdigitales.net/xmlrpc0db0.php]
[viiencuentro.humanidadesdigitales.net/wp-content/uploads/2025/05/cropped-7moEncuentro-32x32.png]
[viiencuentro.humanidadesdigitales.net/wp-content/uploads/2025/05/cropped-7moEncuentro-192x192.png]
[viiencuentro.humanidadesdigitales.net/wp-content/uploads/2025/05/cropped-7moEncuentro-180x180.png]
[viiencuentro.humanidadesdigitales.net/wp-content/uploads/2025/05/Ventana1.png]
[viiencuentro.humanidadesdigitales.net/wp-content/uploads/2025/05/Logo-BCO-Color-768x166.png]
[viiencuentro.humanidadesdigitales.net/wp-content/uploads/2025/04/arrow-1.png]
[viiencuentro.humanidadesdigitales.net/aceptados/index.html]
[viiencuentro.humanidadesdigitales.net/envio/index.html]
[viiencuentro.humanidadesdigitales.net/publicaciones/index.html]
[viiencuentro.humanidadesdigitales.net/programa/index.html]
[viiencuentro.humanidadesdigitales.net/como-llegar/index.html]
[viiencuentro.humanidadesdigitales.net/comites/index.html]
[viiencuentro.humanidadesdigitales.net/convocatoria/index.html]
[viiencuentro.humanidadesdigitales.net/libro-resumenes/index.html]
[viiencuentro.humanidadesdigitales.net/contacto/index.html]
[unpkg.com/swiper@12.0.3/swiper-bundle.min.css]
[viiencuentro.humanidadesdigitales.net/wp-content/uploads/2025/07/Patricia-Horizontal2.png]
[viiencuentro.humanidadesdigitales.net/patricia-murrieta/index.html]
[viiencuentro.humanidadesdigitales.net/wp-content/uploads/2025/07/Hector-Horizontal.png]
[viiencuentro.humanidadesdigitales.net/wp-content/uploads/2025/07/PatriciaCorta-scaled.png]
[viiencuentro.humanidadesdigitales.net/wp-content/uploads/2025/07/Hector-movil-1-scaled.png]
[viiencuentro.humanidadesdigitales.net/hector-pina/index.html]
[unpkg.com/swiper@12.0.3/swiper-bundle.min.js]
[viiencuentro.humanidadesdigitales.net/wp-content/uploads/2025/03/RedHD-300x71.png]
[viiencuentro.humanidadesdigitales.net/wp-content/uploads/2025/02/logoTec-300x58.png]
[viiencuentro.humanidadesdigitales.net/asi-fue/index.html]
[viiencuentro.humanidadesdigitales.net/wp-content/plugins/essential-addons-for-elementor-lite/assets/front-end/js/view/general.minadc6.js]
[viiencuentro.humanidadesdigitales.net/wp-content/uploads/essential-addons-elementor/eael-331ed8.js]
[viiencuentro.humanidadesdigitales.net/wp-content/plugins/elementor/assets/js/webpack.runtime.mine7a7.js]
[viiencuentro.humanidadesdigitales.net/wp-content/plugins/elementor/assets/js/frontend-modules.mine7a7.js]
[viiencuentro.humanidadesdigitales.net/wp-includes/js/jquery/ui/core.minb37e.js]
[viiencuentro.humanidadesdigitales.net/wp-content/plugins/elementor/assets/js/frontend.mine7a7.js]
[viiencuentro.humanidadesdigitales.net/wp-content/plugins/elementor/assets/lib/swiper/v8/swiper.min94a4.js]
[viiencuentro.humanidadesdigitales.net/wp-content/uploads/essential-addons-elementor/eael-10151ed8.js]
[viiencuentro.humanidadesdigitales.net/wp-content/themes/hello-elementor/assets/js/hello-frontendedb1.js]
[viiencuentro.humanidadesdigitales.net/wp-content/plugins/gtranslate/js/floatd4d0.js]
[viiencuentro.humanidadesdigitales.net/wp-includes/js/underscore.min3ab8.js]
[viiencuentro.humanidadesdigitales.net/wp-content/plugins/mp-timetable/media/js/mptt-functions.min8674.js]
[viiencuentro.humanidadesdigitales.net/wp-content/plugins/mp-timetable/media/js/events/event.min8674.js]
[viiencuentro.humanidadesdigitales.net/wp-content/plugins/mp-timetable/media/js/mptt-elementor-editor.min8674.js]
[viiencuentro.humanidadesdigitales.net/index.html]
[viiencuentro.humanidadesdigitales.net/wp-content/plugins/header-footer-elementor/inc/widgets-css/frontendc141.css]
[viiencuentro.humanidadesdigitales.net/wp-content/plugins/mp-timetable/media/css/style8674.css]
[viiencuentro.humanidadesdigitales.net/wp-content/plugins/header-footer-elementor/assets/css/header-footer-elementorc141.css]
[viiencuentro.humanidadesdigitales.net/wp-content/plugins/elementor/assets/css/frontend.mine7a7.css]
[viiencuentro.humanidadesdigitales.net/wp-content/plugins/sticky-header-effects-for-elementor/assets/css/she-header-style4c71.css]
[viiencuentro.humanidadesdigitales.net/wp-content/plugins/elementor/assets/css/widget-image.mine7a7.css]
[viiencuentro.humanidadesdigitales.net/wp-content/plugins/elementor/assets/lib/animations/styles/bounceIn.mine7a7.css]
[viiencuentro.humanidadesdigitales.net/wp-content/plugins/elementor/assets/lib/swiper/v8/css/swiper.min94a4.css]
[viiencuentro.humanidadesdigitales.net/wp-content/plugins/elementor/assets/css/conditionals/e-swiper.mine7a7.css]
[viiencuentro.humanidadesdigitales.net/wp-content/plugins/elementor/assets/css/widget-heading.mine7a7.css]
[viiencuentro.humanidadesdigitales.net/wp-content/plugins/elementor/assets/lib/animations/styles/bounceInLeft.mine7a7.css]
[viiencuentro.humanidadesdigitales.net/wp-content/plugins/elementor/assets/lib/animations/styles/bounceInRight.mine7a7.css]
[viiencuentro.humanidadesdigitales.net/wp-content/plugins/elementor/assets/lib/animations/styles/bounceInDown.mine7a7.css]
[viiencuentro.humanidadesdigitales.net/wp-content/plugins/elementor/assets/lib/animations/styles/slideInLeft.mine7a7.css]
[viiencuentro.humanidadesdigitales.net/wp-content/plugins/elementor/assets/lib/animations/styles/fadeIn.mine7a7.css]
[viiencuentro.humanidadesdigitales.net/wp-content/plugins/elementor/assets/lib/animations/styles/shake.mine7a7.css]
[viiencuentro.humanidadesdigitales.net/wp-content/plugins/elementor/assets/lib/animations/styles/headShake.mine7a7.css]
[viiencuentro.humanidadesdigitales.net/wp-content/plugins/elementor/assets/lib/animations/styles/zoomIn.mine7a7.css]
[viiencuentro.humanidadesdigitales.net/wp-content/themes/hello-elementor/assets/css/resetedb1.css]
[viiencuentro.humanidadesdigitales.net/wp-content/themes/hello-elementor/assets/css/themeedb1.css]
[viiencuentro.humanidadesdigitales.net/wp-content/themes/hello-elementor/assets/css/header-footeredb1.css]
[viiencuentro.humanidadesdigitales.net/wp-content/plugins/tablepress/css/build/default2072.css]
[viiencuentro.humanidadesdigitales.net/wp-content/plugins/elementor/assets/lib/eicons/fonts/eiconsaa8e.eot]
[viiencuentro.humanidadesdigitales.net/wp-content/plugins/elementor/assets/lib/eicons/fonts/eiconsaa8e.woff2]
[viiencuentro.humanidadesdigitales.net/wp-content/plugins/elementor/assets/lib/eicons/fonts/eiconsaa8e.woff]
[viiencuentro.humanidadesdigitales.net/wp-content/plugins/elementor/assets/lib/eicons/fonts/eiconsaa8e.ttf]
[viiencuentro.humanidadesdigitales.net/wp-content/plugins/elementor/assets/lib/eicons/css/elementor-icons.min705c.css]
[viiencuentro.humanidadesdigitales.net/wp-content/plugins/elementor/assets/css/widget-icon-list.min44b4.css]
[viiencuentro.humanidadesdigitales.net/wp-content/plugins/elementor/assets/css/widget-social-icons.min2401.css]
[viiencuentro.humanidadesdigitales.net/wp-content/plugins/elementor/assets/lib/font-awesome/webfonts/fa-brands-400.eot]
[viiencuentro.humanidadesdigitales.net/wp-content/plugins/elementor/assets/lib/font-awesome/webfonts/fa-brands-400d41d.eot]
[viiencuentro.humanidadesdigitales.net/wp-content/plugins/elementor/assets/lib/font-awesome/webfonts/fa-brands-400.woff2]
[viiencuentro.humanidadesdigitales.net/wp-content/plugins/elementor/assets/lib/font-awesome/webfonts/fa-brands-400.woff]
[viiencuentro.humanidadesdigitales.net/wp-content/plugins/elementor/assets/lib/font-awesome/webfonts/fa-brands-400.ttf]
[viiencuentro.humanidadesdigitales.net/wp-content/plugins/elementor/assets/lib/font-awesome/css/brands52d5.css]
[viiencuentro.humanidadesdigitales.net/wp-content/plugins/elementor/assets/lib/font-awesome/css/fontawesome52d5.css]
[viiencuentro.humanidadesdigitales.net/wp-content/plugins/elementor/assets/lib/font-awesome/webfonts/fa-solid-900.eot]
[viiencuentro.humanidadesdigitales.net/wp-content/plugins/elementor/assets/lib/font-awesome/webfonts/fa-solid-900d41d.eot]
[viiencuentro.humanidadesdigitales.net/wp-content/plugins/elementor/assets/lib/font-awesome/webfonts/fa-solid-900.woff2]
[viiencuentro.humanidadesdigitales.net/wp-content/plugins/elementor/assets/lib/font-awesome/webfonts/fa-solid-900.woff]
[viiencuentro.humanidadesdigitales.net/wp-content/plugins/elementor/assets/lib/font-awesome/webfonts/fa-solid-900.ttf]
[viiencuentro.humanidadesdigitales.net/wp-content/plugins/elementor/assets/lib/font-awesome/css/solid52d5.css]
[viiencuentro.humanidadesdigitales.net/wp-content/plugins/essential-addons-for-elementor-lite/assets/front-end/css/view/general.minadc6.css]
[viiencuentro.humanidadesdigitales.net/wp-content/uploads/elementor/google-fonts/fonts/roboto-kfo5cnqeu92fr1mu53zec9_vu3r1gihoszmkc3kawzu.woff2]
[viiencuentro.humanidadesdigitales.net/wp-content/uploads/elementor/google-fonts/fonts/roboto-kfo5cnqeu92fr1mu53zec9_vu3r1gihoszmkankawzu.woff2]
[viiencuentro.humanidadesdigitales.net/wp-content/uploads/elementor/google-fonts/fonts/roboto-kfo5cnqeu92fr1mu53zec9_vu3r1gihoszmkcnkawzu.woff2]
[viiencuentro.humanidadesdigitales.net/wp-content/uploads/elementor/google-fonts/fonts/roboto-kfo5cnqeu92fr1mu53zec9_vu3r1gihoszmkbxkawzu.woff2]
[viiencuentro.humanidadesdigitales.net/wp-content/uploads/elementor/google-fonts/fonts/roboto-kfo5cnqeu92fr1mu53zec9_vu3r1gihoszmkenkawzu.woff2]
[viiencuentro.humanidadesdigitales.net/wp-content/uploads/elementor/google-fonts/fonts/roboto-kfo5cnqeu92fr1mu53zec9_vu3r1gihoszmkahkawzu.woff2]
[viiencuentro.humanidadesdigitales.net/wp-content/uploads/elementor/google-fonts/fonts/roboto-kfo5cnqeu92fr1mu53zec9_vu3r1gihoszmkcxkawzu.woff2]
[viiencuentro.humanidadesdigitales.net/wp-content/uploads/elementor/google-fonts/fonts/roboto-kfo5cnqeu92fr1mu53zec9_vu3r1gihoszmkchkawzu.woff2]
[viiencuentro.humanidadesdigitales.net/wp-content/uploads/elementor/google-fonts/fonts/roboto-kfo5cnqeu92fr1mu53zec9_vu3r1gihoszmkbnka.woff2]
[viiencuentro.humanidadesdigitales.net/wp-content/uploads/elementor/google-fonts/fonts/roboto-kfo7cnqeu92fr1me7ksn66agldtyluama3gubgee.woff2]
[viiencuentro.humanidadesdigitales.net/wp-content/uploads/elementor/google-fonts/fonts/roboto-kfo7cnqeu92fr1me7ksn66agldtyluama3iubgee.woff2]
[viiencuentro.humanidadesdigitales.net/wp-content/uploads/elementor/google-fonts/fonts/roboto-kfo7cnqeu92fr1me7ksn66agldtyluama3cubgee.woff2]
[viiencuentro.humanidadesdigitales.net/wp-content/uploads/elementor/google-fonts/fonts/roboto-kfo7cnqeu92fr1me7ksn66agldtyluama3-ubgee.woff2]
[viiencuentro.humanidadesdigitales.net/wp-content/uploads/elementor/google-fonts/fonts/roboto-kfo7cnqeu92fr1me7ksn66agldtyluamawcubgee.woff2]
[viiencuentro.humanidadesdigitales.net/wp-content/uploads/elementor/google-fonts/fonts/roboto-kfo7cnqeu92fr1me7ksn66agldtyluamaxkubgee.woff2]
[viiencuentro.humanidadesdigitales.net/wp-content/uploads/elementor/google-fonts/fonts/roboto-kfo7cnqeu92fr1me7ksn66agldtyluama3oubgee.woff2]
[viiencuentro.humanidadesdigitales.net/wp-content/uploads/elementor/google-fonts/fonts/roboto-kfo7cnqeu92fr1me7ksn66agldtyluama3kubgee.woff2]
[viiencuentro.humanidadesdigitales.net/wp-content/uploads/elementor/google-fonts/fonts/roboto-kfo7cnqeu92fr1me7ksn66agldtyluama3yuba.woff2]
[viiencuentro.humanidadesdigitales.net/wp-content/uploads/elementor/google-fonts/css/robotoe03f.css]
[viiencuentro.humanidadesdigitales.net/wp-content/uploads/elementor/google-fonts/fonts/robotoslab-bngmuxzytxpivibgjjsb6ufa5qw54a.woff2]
[viiencuentro.humanidadesdigitales.net/wp-content/uploads/elementor/google-fonts/fonts/robotoslab-bngmuxzytxpivibgjjsb6ufj5qw54a.woff2]
[viiencuentro.humanidadesdigitales.net/wp-content/uploads/elementor/google-fonts/fonts/robotoslab-bngmuxzytxpivibgjjsb6ufb5qw54a.woff2]
[viiencuentro.humanidadesdigitales.net/wp-content/uploads/elementor/google-fonts/fonts/robotoslab-bngmuxzytxpivibgjjsb6ufo5qw54a.woff2]
[viiencuentro.humanidadesdigitales.net/wp-content/uploads/elementor/google-fonts/fonts/robotoslab-bngmuxzytxpivibgjjsb6ufc5qw54a.woff2]
[viiencuentro.humanidadesdigitales.net/wp-content/uploads/elementor/google-fonts/fonts/robotoslab-bngmuxzytxpivibgjjsb6ufd5qw54a.woff2]
[viiencuentro.humanidadesdigitales.net/wp-content/uploads/elementor/google-fonts/fonts/robotoslab-bngmuxzytxpivibgjjsb6ufn5qu.woff2]
[viiencuentro.humanidadesdigitales.net/wp-content/uploads/elementor/google-fonts/css/robotoslab8768.css]
[viiencuentro.humanidadesdigitales.net/wp-json/oembed/1.0/embed53f5.json]
[viiencuentro.humanidadesdigitales.net/wp-json/oembed/1.0/embed8c5e]
[viiencuentro.humanidadesdigitales.net/wp-json/wp/v2/pages/3495.json]
[viiencuentro.humanidadesdigitales.net/wp-content/uploads/essential-addons-elementor/eael-101598cf.js]
[viiencuentro.humanidadesdigitales.net/wp-content/plugins/tablepress/js/jquery.datatables.min2072.js]
[viiencuentro.humanidadesdigitales.net/aceptados/index.html]
[viiencuentro.humanidadesdigitales.net/envios-aceptados/index12aa.html]
[viiencuentro.humanidadesdigitales.net/envios-aceptados/index0ba4.html]
[viiencuentro.humanidadesdigitales.net/envios-aceptados/indexe7cb.html]
[viiencuentro.humanidadesdigitales.net/envios-aceptados/index960c.html]
[viiencuentro.humanidadesdigitales.net/envios-aceptados/indexe261.html]
[viiencuentro.humanidadesdigitales.net/wp-json/oembed/1.0/embed4589.json]
[viiencuentro.humanidadesdigitales.net/envios-aceptados/indexc61e.html]
[viiencuentro.humanidadesdigitales.net/envios-aceptados/indexc7ac.html]
[viiencuentro.humanidadesdigitales.net/envios-aceptados/index35e6.html]
[viiencuentro.humanidadesdigitales.net/wp-json/oembed/1.0/embedd2f1]
[viiencuentro.humanidadesdigitales.net/envios-aceptados/index88b0.html]
[viiencuentro.humanidadesdigitales.net/envios-aceptados/index2e51.html]
[viiencuentro.humanidadesdigitales.net/envios-aceptados/indexf209.html]
[viiencuentro.humanidadesdigitales.net/wp-content/uploads/2025/05/FondoInscrpcion-scaled.png]
[viiencuentro.humanidadesdigitales.net/envios-aceptados/index0cc8.html]
[viiencuentro.humanidadesdigitales.net/wp-content/uploads/2025/05/FondoInscrpcion-movil-2.jpg]
[viiencuentro.humanidadesdigitales.net/envios-aceptados/index23d2.html]
[viiencuentro.humanidadesdigitales.net/wp-json/wp/v2/pages/148.json]
[viiencuentro.humanidadesdigitales.net/envios-aceptados/indexbf63.html]
[viiencuentro.humanidadesdigitales.net/envios-aceptados/index2152.html]
[viiencuentro.humanidadesdigitales.net/envios-aceptados/index3f1b.html]
[viiencuentro.humanidadesdigitales.net/envios-aceptados/indexcbfe.html]
[viiencuentro.humanidadesdigitales.net/envios-aceptados/indexe5eb.html]
[viiencuentro.humanidadesdigitales.net/wp-content/uploads/essential-addons-elementor/eael-101522d4.js]
[viiencuentro.humanidadesdigitales.net/wp-content/plugins/wpabstracts_pro/assets/js/multiselect206d.js]
[viiencuentro.humanidadesdigitales.net/envios-aceptados/index6284.html]
[viiencuentro.humanidadesdigitales.net/wp-content/plugins/wpabstracts_pro/assets/js/jquery-ui.min206d.js]
[viiencuentro.humanidadesdigitales.net/wp-content/plugins/wpabstracts_pro/assets/js/alertify.min206d.js]
[viiencuentro.humanidadesdigitales.net/wp-content/plugins/wpabstracts_pro/assets/js/bootstrap.min206d.js]
[viiencuentro.humanidadesdigitales.net/wp-content/plugins/wpabstracts_pro/assets/js/datatables.min206d.js]
[viiencuentro.humanidadesdigitales.net/envios-aceptados/index66e8.html]
[viiencuentro.humanidadesdigitales.net/wp-content/plugins/wpabstracts_pro/assets/js/datatables.natural206d.js]
[viiencuentro.humanidadesdigitales.net/wp-content/plugins/wpabstracts_pro/assets/js/sortable.min206d.js]
[viiencuentro.humanidadesdigitales.net/wp-content/plugins/wpabstracts_pro/assets/js/wpabstracts206d.js]
[viiencuentro.humanidadesdigitales.net/envio/index.html]
[viiencuentro.humanidadesdigitales.net/envios-aceptados/index1e4e.html]
[viiencuentro.humanidadesdigitales.net/wp-json/oembed/1.0/embedc178.json]
[viiencuentro.humanidadesdigitales.net/envios-aceptados/index3dae.html]
[viiencuentro.humanidadesdigitales.net/envios-aceptados/index3347.html]
[viiencuentro.humanidadesdigitales.net/envios-aceptados/indexc45d.html]
[viiencuentro.humanidadesdigitales.net/wp-json/oembed/1.0/embed3f2e]
[viiencuentro.humanidadesdigitales.net/envios-aceptados/index7edd.html]
[viiencuentro.humanidadesdigitales.net/envios-aceptados/index327a.html]
[viiencuentro.humanidadesdigitales.net/envios-aceptados/index924f.html]
[viiencuentro.humanidadesdigitales.net/envios-aceptados/index47d7.html]
[viiencuentro.humanidadesdigitales.net/wp-json/wp/v2/pages/3806.json]
[viiencuentro.humanidadesdigitales.net/envios-aceptados/indexa35b.html]
[viiencuentro.humanidadesdigitales.net/envios-aceptados/indexe458.html]
[viiencuentro.humanidadesdigitales.net/envios-aceptados/index07c8.html]
[viiencuentro.humanidadesdigitales.net/wp-content/uploads/essential-addons-elementor/eael-1015a146.js]
[viiencuentro.humanidadesdigitales.net/programa/index.html]
[viiencuentro.humanidadesdigitales.net/envios-aceptados/index0cc7.html]
[viiencuentro.humanidadesdigitales.net/envios-aceptados/indexee25.html]
[viiencuentro.humanidadesdigitales.net/envios-aceptados/index808e.html]
[viiencuentro.humanidadesdigitales.net/envios-aceptados/index0aa4.html]
[viiencuentro.humanidadesdigitales.net/wp-json/oembed/1.0/embed6381.json]
[viiencuentro.humanidadesdigitales.net/envios-aceptados/index6882.html]
[viiencuentro.humanidadesdigitales.net/envios-aceptados/indexf851.html]
[viiencuentro.humanidadesdigitales.net/envios-aceptados/index7d3c.html]
[viiencuentro.humanidadesdigitales.net/envios-aceptados/indexf95f.html]
[viiencuentro.humanidadesdigitales.net/wp-json/oembed/1.0/embed0f64]
[viiencuentro.humanidadesdigitales.net/envios-aceptados/indexf739.html]
[viiencuentro.humanidadesdigitales.net/envios-aceptados/index64c0.html]
[viiencuentro.humanidadesdigitales.net/envios-aceptados/indexedfe.html]
[viiencuentro.humanidadesdigitales.net/wp-content/uploads/2025/05/FondoUbicacion-scaled.png]
[viiencuentro.humanidadesdigitales.net/envios-aceptados/index4ee8.html]
[viiencuentro.humanidadesdigitales.net/envios-aceptados/index30e0.html]
[viiencuentro.humanidadesdigitales.net/wp-content/uploads/2025/05/FondoUbicacion-movil.png]
[viiencuentro.humanidadesdigitales.net/envios-aceptados/index5245.html]
[viiencuentro.humanidadesdigitales.net/envios-aceptados/index6fb5.html]
[viiencuentro.humanidadesdigitales.net/envios-aceptados/index4d80.html]
[viiencuentro.humanidadesdigitales.net/wp-json/wp/v2/pages/154.json]
[viiencuentro.humanidadesdigitales.net/envios-aceptados/indexc405.html]
[viiencuentro.humanidadesdigitales.net/envios-aceptados/index50dc.html]
[viiencuentro.humanidadesdigitales.net/envios-aceptados/index8ab4.html]
[viiencuentro.humanidadesdigitales.net/wp-content/uploads/2025/10/WhatsApp-Image-2025-10-14-at-3.28.07-PM.jpg]
[viiencuentro.humanidadesdigitales.net/wp-content/uploads/essential-addons-elementor/eael-10154383.js]
[viiencuentro.humanidadesdigitales.net/como-llegar/index.html]
[viiencuentro.humanidadesdigitales.net/envios-aceptados/index2bde.html]
[viiencuentro.humanidadesdigitales.net/envios-aceptados/index934a.html]
[viiencuentro.humanidadesdigitales.net/envios-aceptados/indexc65e.html]
[viiencuentro.humanidadesdigitales.net/wp-json/oembed/1.0/embedb1ef.json]
[viiencuentro.humanidadesdigitales.net/envios-aceptados/index3545.html]
[viiencuentro.humanidadesdigitales.net/envios-aceptados/index4eb9.html]
[viiencuentro.humanidadesdigitales.net/envios-aceptados/indexd3ac.html]
[viiencuentro.humanidadesdigitales.net/wp-json/oembed/1.0/embedb5d0]
[viiencuentro.humanidadesdigitales.net/envios-aceptados/index272b.html]
[viiencuentro.humanidadesdigitales.net/envios-aceptados/index1d24.html]
[viiencuentro.humanidadesdigitales.net/envios-aceptados/index8f99.html]
[viiencuentro.humanidadesdigitales.net/wp-content/uploads/2025/05/FondoQuienSomos-scaled.png]
[viiencuentro.humanidadesdigitales.net/wp-content/uploads/2025/05/FondoQuienSomos-movil-2.jpg]
[viiencuentro.humanidadesdigitales.net/envios-aceptados/indexb2f7.html]
[viiencuentro.humanidadesdigitales.net/envios-aceptados/index0c3e.html]
[viiencuentro.humanidadesdigitales.net/wp-content/plugins/elementor/assets/lib/font-awesome/js/v4-shims.minadc6.js]
[viiencuentro.humanidadesdigitales.net/envios-aceptados/indexd796.html]
[viiencuentro.humanidadesdigitales.net/wp-json/wp/v2/pages/2899.json]
[viiencuentro.humanidadesdigitales.net/envios-aceptados/index5fc6.html]
[viiencuentro.humanidadesdigitales.net/envios-aceptados/indexe5c5.html]
[viiencuentro.humanidadesdigitales.net/envios-aceptados/indexdb41.html]
[viiencuentro.humanidadesdigitales.net/wp-content/uploads/essential-addons-elementor/eael-2899265b.js]
[viiencuentro.humanidadesdigitales.net/envios-aceptados/index11e4.html]
[viiencuentro.humanidadesdigitales.net/wp-content/uploads/essential-addons-elementor/eael-1015265b.js]
[viiencuentro.humanidadesdigitales.net/publicaciones/index.html]
[viiencuentro.humanidadesdigitales.net/envios-aceptados/index52a5.html]
[viiencuentro.humanidadesdigitales.net/wp-json/oembed/1.0/embeda9aa.json]
[viiencuentro.humanidadesdigitales.net/envios-aceptados/index3069.html]
[viiencuentro.humanidadesdigitales.net/envios-aceptados/indexdb68.html]
[viiencuentro.humanidadesdigitales.net/envios-aceptados/index7a20.html]
[viiencuentro.humanidadesdigitales.net/wp-json/oembed/1.0/embedcb76]
[viiencuentro.humanidadesdigitales.net/envios-aceptados/indexa734.html]
[viiencuentro.humanidadesdigitales.net/envios-aceptados/indexe7ae.html]
[viiencuentro.humanidadesdigitales.net/envios-aceptados/index470e.html]
[viiencuentro.humanidadesdigitales.net/envios-aceptados/indexe110.html]
[viiencuentro.humanidadesdigitales.net/wp-json/wp/v2/pages/433.json]
[viiencuentro.humanidadesdigitales.net/envios-aceptados/index5ca2.html]
[viiencuentro.humanidadesdigitales.net/envios-aceptados/index8c46.html]
[viiencuentro.humanidadesdigitales.net/envios-aceptados/indexfc73.html]
[viiencuentro.humanidadesdigitales.net/wp-content/uploads/essential-addons-elementor/eael-433f1d8.js]
[viiencuentro.humanidadesdigitales.net/wp-content/uploads/essential-addons-elementor/eael-1015f1d8.js]
[viiencuentro.humanidadesdigitales.net/comites/index.html]
[viiencuentro.humanidadesdigitales.net/envios-aceptados/indexf260.html]
[viiencuentro.humanidadesdigitales.net/envios-aceptados/indexf318.html]
[viiencuentro.humanidadesdigitales.net/wp-json/oembed/1.0/embeda2ea.json]
[viiencuentro.humanidadesdigitales.net/envios-aceptados/index8469.html]
[viiencuentro.humanidadesdigitales.net/envios-aceptados/indexf054.html]
[viiencuentro.humanidadesdigitales.net/envios-aceptados/index18c8.html]
[viiencuentro.humanidadesdigitales.net/wp-json/oembed/1.0/embed89eb]
[viiencuentro.humanidadesdigitales.net/envios-aceptados/indexf5f3.html]
[viiencuentro.humanidadesdigitales.net/envios-aceptados/indexaa4f.html]
[viiencuentro.humanidadesdigitales.net/envios-aceptados/index6340.html]
[viiencuentro.humanidadesdigitales.net/envios-aceptados/index8eb8.html]
[viiencuentro.humanidadesdigitales.net/wp-json/wp/v2/pages/2222.json]
[viiencuentro.humanidadesdigitales.net/envios-aceptados/indexa875.html]
[viiencuentro.humanidadesdigitales.net/envios-aceptados/index4ece.html]
[viiencuentro.humanidadesdigitales.net/envios-aceptados/index373c.html]
[viiencuentro.humanidadesdigitales.net/wp-content/uploads/essential-addons-elementor/eael-1015d102.js]
[viiencuentro.humanidadesdigitales.net/contacto/index.html]
[viiencuentro.humanidadesdigitales.net/envios-aceptados/index4136.html]
[viiencuentro.humanidadesdigitales.net/wp-json/oembed/1.0/embed2a01.json]
[viiencuentro.humanidadesdigitales.net/envios-aceptados/index4014.html]
[viiencuentro.humanidadesdigitales.net/envios-aceptados/index26ae.html]
[viiencuentro.humanidadesdigitales.net/envios-aceptados/indexd2bd.html]
[viiencuentro.humanidadesdigitales.net/wp-json/oembed/1.0/embed6171]
[viiencuentro.humanidadesdigitales.net/envios-aceptados/indexed8e.html]
[viiencuentro.humanidadesdigitales.net/envios-aceptados/index6442.html]
[viiencuentro.humanidadesdigitales.net/envios-aceptados/index3cda.html]
[viiencuentro.humanidadesdigitales.net/envios-aceptados/indexad75.html]
[viiencuentro.humanidadesdigitales.net/wp-json/wp/v2/pages/3777.json]
[viiencuentro.humanidadesdigitales.net/envios-aceptados/index0ee8.html]
[viiencuentro.humanidadesdigitales.net/envios-aceptados/indexea0a.html]
[viiencuentro.humanidadesdigitales.net/envios-aceptados/index6c66.html]
[viiencuentro.humanidadesdigitales.net/wp-content/uploads/essential-addons-elementor/eael-1015831f.js]
[viiencuentro.humanidadesdigitales.net/libro-resumenes/index.html]
[viiencuentro.humanidadesdigitales.net/envios-aceptados/indexfe31.html]
[viiencuentro.humanidadesdigitales.net/envios-aceptados/index0d3b.html]
[viiencuentro.humanidadesdigitales.net/envios-aceptados/index8f1c.html]
[viiencuentro.humanidadesdigitales.net/envios-aceptados/index9e41.html]
[viiencuentro.humanidadesdigitales.net/wp-json/oembed/1.0/embed53d6.json]
[viiencuentro.humanidadesdigitales.net/wp-json/oembed/1.0/embedc6fe]
[viiencuentro.humanidadesdigitales.net/envios-aceptados/index5e25.html]
[viiencuentro.humanidadesdigitales.net/envios-aceptados/indexb53d.html]
[viiencuentro.humanidadesdigitales.net/envios-aceptados/index123e.html]
[viiencuentro.humanidadesdigitales.net/envios-aceptados/indexfddb.html]
[viiencuentro.humanidadesdigitales.net/wp-json/wp/v2/pages/836.json]
[viiencuentro.humanidadesdigitales.net/envios-aceptados/indexd308.html]
[viiencuentro.humanidadesdigitales.net/envios-aceptados/indexf81b.html]
[viiencuentro.humanidadesdigitales.net/envios-aceptados/indexbc3b.html]
[viiencuentro.humanidadesdigitales.net/wp-content/uploads/essential-addons-elementor/eael-1015d07e.js]
[viiencuentro.humanidadesdigitales.net/convocatoria/index.html]
[unpkg.com/swiper@12.0.3/swiper-bundle.min.css]
[viiencuentro.humanidadesdigitales.net/envio/index6b51.html]
[viiencuentro.humanidadesdigitales.net/envio/indexcd33.html]
[viiencuentro.humanidadesdigitales.net/becas/index.html]
[viiencuentro.humanidadesdigitales.net/wp-json/oembed/1.0/embed4048.json]
[viiencuentro.humanidadesdigitales.net/wp-json/oembed/1.0/embed99d1]
[viiencuentro.humanidadesdigitales.net/wp-content/uploads/2025/06/NoTextoPatriciaM-2.png]
[viiencuentro.humanidadesdigitales.net/wp-content/uploads/2025/06/PatriciaMovil.png]
[viiencuentro.humanidadesdigitales.net/wp-json/wp/v2/pages/2653.json]
[viiencuentro.humanidadesdigitales.net/wp-content/uploads/2025/06/PatriciaM-header.png]
[viiencuentro.humanidadesdigitales.net/wp-content/uploads/essential-addons-elementor/eael-1015139e.js]
[viiencuentro.humanidadesdigitales.net/patricia-murrieta/index.html]
[viiencuentro.humanidadesdigitales.net/wp-json/oembed/1.0/embed9c49.json]
[viiencuentro.humanidadesdigitales.net/wp-json/oembed/1.0/embed81f5]
[viiencuentro.humanidadesdigitales.net/wp-content/uploads/2025/07/Hector2.png]
[viiencuentro.humanidadesdigitales.net/wp-content/uploads/2025/07/Hector6-scaled.png]
[viiencuentro.humanidadesdigitales.net/wp-json/wp/v2/pages/3194.json]
[viiencuentro.humanidadesdigitales.net/wp-content/uploads/2025/09/hectorPinaTitulo-1-1.png]
[viiencuentro.humanidadesdigitales.net/wp-content/uploads/2025/07/hectorPinaTitulo.png]
[viiencuentro.humanidadesdigitales.net/wp-content/uploads/essential-addons-elementor/eael-1015235d.js]
[viiencuentro.humanidadesdigitales.net/hector-pina/index.html]
[viiencuentro.humanidadesdigitales.net/wp-json/oembed/1.0/embed9724.json]
[viiencuentro.humanidadesdigitales.net/wp-json/oembed/1.0/embedeb82]
[viiencuentro.humanidadesdigitales.net/wp-json/wp/v2/pages/3918.json]
[viiencuentro.humanidadesdigitales.net/wp-content/uploads/2025/10/Conferencia-Inaugural-2-scaled.jpg]
[viiencuentro.humanidadesdigitales.net/wp-content/uploads/2025/10/Conferencia-Inaugural-2-1024x683.jpg]
[viiencuentro.humanidadesdigitales.net/wp-content/uploads/2025/10/Conferencia-Inaugural-18-scaled.jpg]
[viiencuentro.humanidadesdigitales.net/wp-content/uploads/2025/10/Conferencia-Inaugural-18-1024x683.jpg]
[viiencuentro.humanidadesdigitales.net/wp-content/uploads/2025/10/Conferencia-Inaugural-5-scaled.jpg]
[viiencuentro.humanidadesdigitales.net/wp-content/uploads/2025/10/Conferencia-Inaugural-5-1024x683.jpg]
[viiencuentro.humanidadesdigitales.net/wp-content/uploads/2025/10/Miriam-Pena-scaled.jpg]
[viiencuentro.humanidadesdigitales.net/wp-content/uploads/2025/10/Miriam-Pena-683x1024.jpg]
[viiencuentro.humanidadesdigitales.net/wp-content/uploads/2025/10/Conferencia-Inaugural-9-scaled.jpg]
[viiencuentro.humanidadesdigitales.net/wp-content/uploads/2025/10/Conferencia-Inaugural-9-1024x683.jpg]
[viiencuentro.humanidadesdigitales.net/wp-content/uploads/2025/10/Conferencia-Inaugural-13-scaled.jpg]
[viiencuentro.humanidadesdigitales.net/wp-content/uploads/2025/10/Conferencia-Inaugural-13-683x1024.jpg]
[viiencuentro.humanidadesdigitales.net/wp-content/uploads/2025/10/Emma-Freeman-scaled.jpg]
[viiencuentro.humanidadesdigitales.net/wp-content/uploads/2025/10/Emma-Freeman-683x1024.jpg]
[viiencuentro.humanidadesdigitales.net/wp-content/uploads/2025/10/Claudia-Uribe-scaled.jpg]
[viiencuentro.humanidadesdigitales.net/wp-content/uploads/2025/10/Claudia-Uribe-1024x683.jpg]
[viiencuentro.humanidadesdigitales.net/wp-content/uploads/2025/10/Conferencia-Inaugural-17-scaled.jpg]
[viiencuentro.humanidadesdigitales.net/wp-content/uploads/2025/10/Conferencia-Inaugural-17-1024x683.jpg]
[viiencuentro.humanidadesdigitales.net/wp-content/uploads/2025/10/Conferencia-Inaugural-12-scaled.jpg]
[viiencuentro.humanidadesdigitales.net/wp-content/uploads/2025/10/Conferencia-Inaugural-12-683x1024.jpg]
[viiencuentro.humanidadesdigitales.net/wp-content/uploads/2025/10/Conferencia-Inaugural-16-scaled.jpg]
[viiencuentro.humanidadesdigitales.net/wp-content/uploads/2025/10/Conferencia-Inaugural-16-1024x683.jpg]
[viiencuentro.humanidadesdigitales.net/wp-content/uploads/2025/10/Conferencia-Inaugural-11-scaled.jpg]
[viiencuentro.humanidadesdigitales.net/wp-content/uploads/2025/10/Conferencia-Inaugural-11-683x1024.jpg]
[viiencuentro.humanidadesdigitales.net/wp-content/uploads/2025/10/Conferencia-Inaugural-3-scaled.jpg]
[viiencuentro.humanidadesdigitales.net/wp-content/uploads/2025/10/Conferencia-Inaugural-3-683x1024.jpg]
[viiencuentro.humanidadesdigitales.net/wp-content/uploads/2025/10/Conferencia-Inaugural-scaled.jpg]
[viiencuentro.humanidadesdigitales.net/wp-content/uploads/2025/10/Conferencia-Inaugural-1024x683.jpg]
[viiencuentro.humanidadesdigitales.net/wp-content/uploads/2025/10/Conferencia-Inaugural-14-scaled.jpg]
[viiencuentro.humanidadesdigitales.net/wp-content/uploads/2025/10/Conferencia-Inaugural-14-683x1024.jpg]
[viiencuentro.humanidadesdigitales.net/wp-content/uploads/2025/10/Conferencia-Inaugural-10-scaled.jpg]
[viiencuentro.humanidadesdigitales.net/wp-content/uploads/2025/10/Conferencia-Inaugural-10-1024x683.jpg]
[viiencuentro.humanidadesdigitales.net/wp-content/uploads/2025/10/Diana-ST-scaled.jpg]
[viiencuentro.humanidadesdigitales.net/wp-content/uploads/2025/10/Diana-ST-683x1024.jpg]
[viiencuentro.humanidadesdigitales.net/wp-content/uploads/2025/10/Conferencia-Inaugural-8-scaled.jpg]
[viiencuentro.humanidadesdigitales.net/wp-content/uploads/2025/10/Conferencia-Inaugural-8-1024x683.jpg]
[viiencuentro.humanidadesdigitales.net/wp-content/uploads/2025/10/Katherina-Gallardo-scaled.jpg]
[viiencuentro.humanidadesdigitales.net/wp-content/uploads/2025/10/Katherina-Gallardo-1024x683.jpg]
[viiencuentro.humanidadesdigitales.net/wp-content/uploads/2025/10/Conferencia-Inaugural-4-scaled.jpg]
[viiencuentro.humanidadesdigitales.net/wp-content/uploads/2025/10/Conferencia-Inaugural-4-1024x683.jpg]
[viiencuentro.humanidadesdigitales.net/wp-content/uploads/2025/10/Conferencia-Inaugural-15-scaled.jpg]
[viiencuentro.humanidadesdigitales.net/wp-content/uploads/2025/10/Conferencia-Inaugural-15-1024x683.jpg]
[viiencuentro.humanidadesdigitales.net/wp-content/uploads/2025/10/Conferencia-Inaugural-6-scaled.jpg]
[viiencuentro.humanidadesdigitales.net/wp-content/uploads/2025/10/Conferencia-Inaugural-6-1024x683.jpg]
[viiencuentro.humanidadesdigitales.net/wp-content/uploads/2025/10/Conferencia-Inaugural-7-scaled.jpg]
[viiencuentro.humanidadesdigitales.net/wp-content/uploads/2025/10/Conferencia-Inaugural-7-1024x683.jpg]
[viiencuentro.humanidadesdigitales.net/wp-content/uploads/2025/10/Mesa-13-8-scaled.jpg]
[viiencuentro.humanidadesdigitales.net/wp-content/uploads/2025/10/Mesa-13-8-682x1024.jpg]
[viiencuentro.humanidadesdigitales.net/wp-content/uploads/2025/10/Mesa-2-2-scaled.jpg]
[viiencuentro.humanidadesdigitales.net/wp-content/uploads/2025/10/Mesa-2-2-1024x683.jpg]
[viiencuentro.humanidadesdigitales.net/wp-content/uploads/2025/10/Mesa-1-4-scaled.jpg]
[viiencuentro.humanidadesdigitales.net/wp-content/uploads/2025/10/Mesa-1-4-1024x683.jpg]
[viiencuentro.humanidadesdigitales.net/wp-content/uploads/2025/10/Mesa-2-3-scaled.jpg]
[viiencuentro.humanidadesdigitales.net/wp-content/uploads/2025/10/Mesa-2-3-1024x683.jpg]
[viiencuentro.humanidadesdigitales.net/wp-content/uploads/2025/10/Mesa-1-scaled.jpg]
[viiencuentro.humanidadesdigitales.net/wp-content/uploads/2025/10/Mesa-1-1024x683.jpg]
[viiencuentro.humanidadesdigitales.net/wp-content/uploads/2025/10/Mesa-14-2-scaled.jpg]
[viiencuentro.humanidadesdigitales.net/wp-content/uploads/2025/10/Mesa-14-2-683x1024.jpg]
[viiencuentro.humanidadesdigitales.net/wp-content/uploads/2025/10/Mesa-14-12-scaled.jpg]
[viiencuentro.humanidadesdigitales.net/wp-content/uploads/2025/10/Mesa-14-12-1024x683.jpg]
[viiencuentro.humanidadesdigitales.net/wp-content/uploads/2025/10/Mesa-14-14-scaled.jpg]
[viiencuentro.humanidadesdigitales.net/wp-content/uploads/2025/10/Mesa-14-14-1024x683.jpg]
[viiencuentro.humanidadesdigitales.net/wp-content/uploads/2025/10/Mesa-13-scaled.jpg]
[viiencuentro.humanidadesdigitales.net/wp-content/uploads/2025/10/Mesa-13-1024x683.jpg]
[viiencuentro.humanidadesdigitales.net/wp-content/uploads/2025/10/Mesa-2-9-scaled.jpg]
[viiencuentro.humanidadesdigitales.net/wp-content/uploads/2025/10/Mesa-2-9-1024x683.jpg]
[viiencuentro.humanidadesdigitales.net/wp-content/uploads/2025/10/Mesa-1-6-scaled.jpg]
[viiencuentro.humanidadesdigitales.net/wp-content/uploads/2025/10/Mesa-1-6-1024x683.jpg]
[viiencuentro.humanidadesdigitales.net/wp-content/uploads/2025/10/Mesa-2-7-scaled.jpg]
[viiencuentro.humanidadesdigitales.net/wp-content/uploads/2025/10/Mesa-2-7-1024x683.jpg]
[viiencuentro.humanidadesdigitales.net/wp-content/uploads/2025/10/Mesa-14-13-scaled.jpg]
[viiencuentro.humanidadesdigitales.net/wp-content/uploads/2025/10/Mesa-14-13-1024x683.jpg]
[viiencuentro.humanidadesdigitales.net/wp-content/uploads/2025/10/Mesa-14-11-scaled.jpg]
[viiencuentro.humanidadesdigitales.net/wp-content/uploads/2025/10/Mesa-14-11-1024x683.jpg]
[viiencuentro.humanidadesdigitales.net/wp-content/uploads/2025/10/Mesa-2-scaled.jpg]
[viiencuentro.humanidadesdigitales.net/wp-content/uploads/2025/10/Mesa-2-683x1024.jpg]
[viiencuentro.humanidadesdigitales.net/wp-content/uploads/2025/10/Mesa-14-scaled.jpg]
[viiencuentro.humanidadesdigitales.net/wp-content/uploads/2025/10/Mesa-14-1024x683.jpg]
[viiencuentro.humanidadesdigitales.net/wp-content/uploads/2025/10/Mesa-13-11-scaled.jpg]
[viiencuentro.humanidadesdigitales.net/wp-content/uploads/2025/10/Mesa-13-11-1024x683.jpg]
[viiencuentro.humanidadesdigitales.net/wp-content/uploads/2025/10/Mesa-13-2-scaled.jpg]
[viiencuentro.humanidadesdigitales.net/wp-content/uploads/2025/10/Mesa-13-2-1024x683.jpg]
[viiencuentro.humanidadesdigitales.net/wp-content/uploads/2025/10/Mesa-14-3-scaled.jpg]
[viiencuentro.humanidadesdigitales.net/wp-content/uploads/2025/10/Mesa-14-3-1024x683.jpg]
[viiencuentro.humanidadesdigitales.net/wp-content/uploads/2025/10/Mesa-2-4-scaled.jpg]
[viiencuentro.humanidadesdigitales.net/wp-content/uploads/2025/10/Mesa-2-4-1024x683.jpg]
[viiencuentro.humanidadesdigitales.net/wp-content/uploads/2025/10/Mesa-13-9-scaled.jpg]
[viiencuentro.humanidadesdigitales.net/wp-content/uploads/2025/10/Mesa-13-9-683x1024.jpg]
[viiencuentro.humanidadesdigitales.net/wp-content/uploads/2025/10/Mesa-14-6-scaled.jpg]
[viiencuentro.humanidadesdigitales.net/wp-content/uploads/2025/10/Mesa-14-6-1024x683.jpg]
[viiencuentro.humanidadesdigitales.net/wp-content/uploads/2025/10/Mesa-1-5-scaled.jpg]
[viiencuentro.humanidadesdigitales.net/wp-content/uploads/2025/10/Mesa-1-5-1024x683.jpg]
[viiencuentro.humanidadesdigitales.net/wp-content/uploads/2025/10/Mesa-1-2-scaled.jpg]
[viiencuentro.humanidadesdigitales.net/wp-content/uploads/2025/10/Mesa-1-2-1024x683.jpg]
[viiencuentro.humanidadesdigitales.net/wp-content/uploads/2025/10/Mesa-13-5-scaled.jpg]
[viiencuentro.humanidadesdigitales.net/wp-content/uploads/2025/10/Mesa-13-5-683x1024.jpg]
[viiencuentro.humanidadesdigitales.net/wp-content/uploads/2025/10/Mesa-13-4-scaled.jpg]
[viiencuentro.humanidadesdigitales.net/wp-content/uploads/2025/10/Mesa-13-4-1024x683.jpg]
[viiencuentro.humanidadesdigitales.net/wp-content/uploads/2025/10/Mesa-2-5-scaled.jpg]
[viiencuentro.humanidadesdigitales.net/wp-content/uploads/2025/10/Mesa-2-5-683x1024.jpg]
[viiencuentro.humanidadesdigitales.net/wp-content/uploads/2025/10/Mesa-13-10-scaled.jpg]
[viiencuentro.humanidadesdigitales.net/wp-content/uploads/2025/10/Mesa-13-10-1024x683.jpg]
[viiencuentro.humanidadesdigitales.net/wp-content/uploads/2025/10/Mesa-2-11-scaled.jpg]
[viiencuentro.humanidadesdigitales.net/wp-content/uploads/2025/10/Mesa-2-11-1024x683.jpg]
[viiencuentro.humanidadesdigitales.net/wp-content/uploads/2025/10/Mesa-1-3-scaled.jpg]
[viiencuentro.humanidadesdigitales.net/wp-content/uploads/2025/10/Mesa-1-3-1024x683.jpg]
[viiencuentro.humanidadesdigitales.net/wp-content/uploads/2025/10/Mesa-14-10-scaled.jpg]
[viiencuentro.humanidadesdigitales.net/wp-content/uploads/2025/10/Mesa-14-10-683x1024.jpg]
[viiencuentro.humanidadesdigitales.net/wp-content/uploads/2025/10/Mesa-2-8-scaled.jpg]
[viiencuentro.humanidadesdigitales.net/wp-content/uploads/2025/10/Mesa-2-8-1024x683.jpg]
[viiencuentro.humanidadesdigitales.net/wp-content/uploads/2025/10/Mesa-13-3-scaled.jpg]
[viiencuentro.humanidadesdigitales.net/wp-content/uploads/2025/10/Mesa-13-3-1024x683.jpg]
[viiencuentro.humanidadesdigitales.net/wp-content/uploads/2025/10/Mesa-2-10-scaled.jpg]
[viiencuentro.humanidadesdigitales.net/wp-content/uploads/2025/10/Mesa-2-10-1024x683.jpg]
[viiencuentro.humanidadesdigitales.net/wp-content/uploads/2025/10/Mesa-14-5-scaled.jpg]
[viiencuentro.humanidadesdigitales.net/wp-content/uploads/2025/10/Mesa-14-5-1024x683.jpg]
[viiencuentro.humanidadesdigitales.net/wp-content/uploads/2025/10/Mesa-2-6-scaled.jpg]
[viiencuentro.humanidadesdigitales.net/wp-content/uploads/2025/10/Mesa-2-6-1024x683.jpg]
[viiencuentro.humanidadesdigitales.net/wp-content/uploads/2025/10/Mesa-13-7-scaled.jpg]
[viiencuentro.humanidadesdigitales.net/wp-content/uploads/2025/10/Mesa-13-7-1024x683.jpg]
[viiencuentro.humanidadesdigitales.net/wp-content/uploads/2025/10/Mesa-14-4-scaled.jpg]
[viiencuentro.humanidadesdigitales.net/wp-content/uploads/2025/10/Mesa-14-4-1024x683.jpg]
[viiencuentro.humanidadesdigitales.net/wp-content/uploads/2025/10/Hector-Pina-scaled.jpg]
[viiencuentro.humanidadesdigitales.net/wp-content/uploads/2025/10/Hector-Pina-1024x683.jpg]
[viiencuentro.humanidadesdigitales.net/wp-content/uploads/2025/10/Hector-Pina-7-scaled.jpg]
[viiencuentro.humanidadesdigitales.net/wp-content/uploads/2025/10/Hector-Pina-7-683x1024.jpg]
[viiencuentro.humanidadesdigitales.net/wp-content/uploads/2025/10/Hector-Pina-8-scaled.jpg]
[viiencuentro.humanidadesdigitales.net/wp-content/uploads/2025/10/Hector-Pina-8-683x1024.jpg]
[viiencuentro.humanidadesdigitales.net/wp-content/uploads/2025/10/Hector-Pina-3-scaled.jpg]
[viiencuentro.humanidadesdigitales.net/wp-content/uploads/2025/10/Hector-Pina-3-1024x683.jpg]
[viiencuentro.humanidadesdigitales.net/wp-content/uploads/2025/10/Hector-Pina-4-scaled.jpg]
[viiencuentro.humanidadesdigitales.net/wp-content/uploads/2025/10/Hector-Pina-4-1024x683.jpg]
[viiencuentro.humanidadesdigitales.net/wp-content/uploads/2025/10/Hector-Pina-10-scaled.jpg]
[viiencuentro.humanidadesdigitales.net/wp-content/uploads/2025/10/Hector-Pina-10-1024x683.jpg]
[viiencuentro.humanidadesdigitales.net/wp-content/uploads/2025/10/Hector-Pina-5-scaled.jpg]
[viiencuentro.humanidadesdigitales.net/wp-content/uploads/2025/10/Hector-Pina-5-1024x683.jpg]
[viiencuentro.humanidadesdigitales.net/wp-content/uploads/2025/10/Hector-Pina-11-scaled.jpg]
[viiencuentro.humanidadesdigitales.net/wp-content/uploads/2025/10/Hector-Pina-11-683x1024.jpg]
[viiencuentro.humanidadesdigitales.net/wp-content/uploads/2025/10/Hector-Pina-6-scaled.jpg]
[viiencuentro.humanidadesdigitales.net/wp-content/uploads/2025/10/Hector-Pina-6-1024x683.jpg]
[viiencuentro.humanidadesdigitales.net/wp-content/uploads/2025/10/Hector-Pina-14-scaled.jpg]
[viiencuentro.humanidadesdigitales.net/wp-content/uploads/2025/10/Hector-Pina-14-1024x683.jpg]
[viiencuentro.humanidadesdigitales.net/wp-content/uploads/2025/10/Hector-Pina-9-scaled.jpg]
[viiencuentro.humanidadesdigitales.net/wp-content/uploads/2025/10/Hector-Pina-9-1024x683.jpg]
[viiencuentro.humanidadesdigitales.net/wp-content/uploads/2025/10/Hector-Pina-13-scaled.jpg]
[viiencuentro.humanidadesdigitales.net/wp-content/uploads/2025/10/Hector-Pina-13-1024x683.jpg]
[viiencuentro.humanidadesdigitales.net/wp-content/uploads/2025/10/Hector-Pina-2-scaled.jpg]
[viiencuentro.humanidadesdigitales.net/wp-content/uploads/2025/10/Hector-Pina-2-1024x683.jpg]
[viiencuentro.humanidadesdigitales.net/wp-content/uploads/2025/10/Hector-Pina-12-scaled.jpg]
[viiencuentro.humanidadesdigitales.net/wp-content/uploads/2025/10/Hector-Pina-12-1024x683.jpg]
[viiencuentro.humanidadesdigitales.net/wp-content/uploads/essential-addons-elementor/eael-101588e5.js]
[viiencuentro.humanidadesdigitales.net/wp-content/plugins/meow-gallery/app/galleries8a86.js]
[viiencuentro.humanidadesdigitales.net/asi-fue/index.html]
[viiencuentro.humanidadesdigitales.net/wp-content/plugins/elementor/assets/lib/eicons/css/elementor-icons.min5e22.css]
[viiencuentro.humanidadesdigitales.net/wp-content/plugins/essential-addons-for-elementor-lite/assets/admin/images/templately/logo-icon.svg]
[viiencuentro.humanidadesdigitales.net/wp-content/plugins/elementor/assets/css/widget-social-icons.mine7a7.css]
[viiencuentro.humanidadesdigitales.net/wp-content/plugins/elementor/assets/css/conditionals/apple-webkit.mine7a7.css]
[viiencuentro.humanidadesdigitales.net/wp-content/plugins/elementor/assets/lib/eicons/fonts/eiconsaa8e.svg]
[viiencuentro.humanidadesdigitales.net/wp-content/plugins/elementor/assets/lib/font-awesome/webfonts/fa-brands-400.svg]
[viiencuentro.humanidadesdigitales.net/wp-content/plugins/elementor/assets/lib/font-awesome/webfonts/fa-solid-900.svg]
[viiencuentro.humanidadesdigitales.net/xmlrpc.php]
[viiencuentro.humanidadesdigitales.net/indexb63d.html]
[viiencuentro.humanidadesdigitales.net/wp-json/oembed/1.0/embed0436.json]
[viiencuentro.humanidadesdigitales.net/wp-json/oembed/1.0/embed64a5]
[viiencuentro.humanidadesdigitales.net/wp-json/wp/v2/pages/1486.json]
[viiencuentro.humanidadesdigitales.net/envios-aceptados/index.html]
[viiencuentro.humanidadesdigitales.net/wp-content/uploads/essential-addons-elementor/eael-14868a61.js]
[viiencuentro.humanidadesdigitales.net/wp-content/uploads/essential-addons-elementor/eael-10158a61.js]
[viiencuentro.humanidadesdigitales.net/envios-aceptados/index0ba4.html]
[viiencuentro.humanidadesdigitales.net/envios-aceptados/index12aa.html]
[viiencuentro.humanidadesdigitales.net/envios-aceptados/indexe7cb.html]
[viiencuentro.humanidadesdigitales.net/envios-aceptados/index960c.html]
[viiencuentro.humanidadesdigitales.net/envios-aceptados/indexe261.html]
[viiencuentro.humanidadesdigitales.net/envios-aceptados/indexc7ac.html]
[viiencuentro.humanidadesdigitales.net/envios-aceptados/indexc61e.html]
[viiencuentro.humanidadesdigitales.net/envios-aceptados/index35e6.html]
[viiencuentro.humanidadesdigitales.net/envios-aceptados/index88b0.html]
[viiencuentro.humanidadesdigitales.net/envios-aceptados/indexf209.html]
[viiencuentro.humanidadesdigitales.net/envios-aceptados/index2e51.html]
[viiencuentro.humanidadesdigitales.net/envios-aceptados/index0cc8.html]
[viiencuentro.humanidadesdigitales.net/envios-aceptados/index23d2.html]
[viiencuentro.humanidadesdigitales.net/envios-aceptados/indexbf63.html]
[viiencuentro.humanidadesdigitales.net/envios-aceptados/index3f1b.html]
[viiencuentro.humanidadesdigitales.net/envios-aceptados/index2152.html]
[viiencuentro.humanidadesdigitales.net/envios-aceptados/indexcbfe.html]
[viiencuentro.humanidadesdigitales.net/envios-aceptados/indexe5eb.html]
[viiencuentro.humanidadesdigitales.net/envios-aceptados/index6284.html]
[viiencuentro.humanidadesdigitales.net/envios-aceptados/index66e8.html]
[viiencuentro.humanidadesdigitales.net/envios-aceptados/index1e4e.html]
[viiencuentro.humanidadesdigitales.net/envios-aceptados/index3dae.html]
[viiencuentro.humanidadesdigitales.net/envios-aceptados/index3347.html]
[viiencuentro.humanidadesdigitales.net/envios-aceptados/indexc45d.html]
[viiencuentro.humanidadesdigitales.net/envios-aceptados/index7edd.html]
[viiencuentro.humanidadesdigitales.net/envios-aceptados/index327a.html]
[viiencuentro.humanidadesdigitales.net/envios-aceptados/index924f.html]
[viiencuentro.humanidadesdigitales.net/envios-aceptados/index47d7.html]
[viiencuentro.humanidadesdigitales.net/envios-aceptados/indexe458.html]
[viiencuentro.humanidadesdigitales.net/envios-aceptados/index07c8.html]
[viiencuentro.humanidadesdigitales.net/envios-aceptados/indexa35b.html]
[viiencuentro.humanidadesdigitales.net/envios-aceptados/index0cc7.html]
[viiencuentro.humanidadesdigitales.net/envios-aceptados/index808e.html]
[viiencuentro.humanidadesdigitales.net/envios-aceptados/indexee25.html]
[viiencuentro.humanidadesdigitales.net/envios-aceptados/index0aa4.html]
[viiencuentro.humanidadesdigitales.net/envios-aceptados/index6882.html]
[viiencuentro.humanidadesdigitales.net/envios-aceptados/indexf851.html]
[viiencuentro.humanidadesdigitales.net/envios-aceptados/indexf739.html]
[viiencuentro.humanidadesdigitales.net/envios-aceptados/index7d3c.html]
[viiencuentro.humanidadesdigitales.net/envios-aceptados/indexedfe.html]
[viiencuentro.humanidadesdigitales.net/envios-aceptados/indexf95f.html]
[viiencuentro.humanidadesdigitales.net/envios-aceptados/index64c0.html]
[viiencuentro.humanidadesdigitales.net/envios-aceptados/index5245.html]
[viiencuentro.humanidadesdigitales.net/envios-aceptados/index4ee8.html]
[viiencuentro.humanidadesdigitales.net/envios-aceptados/index30e0.html]
[viiencuentro.humanidadesdigitales.net/envios-aceptados/index6fb5.html]
[viiencuentro.humanidadesdigitales.net/envios-aceptados/index4d80.html]
[viiencuentro.humanidadesdigitales.net/envios-aceptados/indexc405.html]
[viiencuentro.humanidadesdigitales.net/envios-aceptados/index8ab4.html]
[viiencuentro.humanidadesdigitales.net/envios-aceptados/index50dc.html]
[viiencuentro.humanidadesdigitales.net/envios-aceptados/index2bde.html]
[viiencuentro.humanidadesdigitales.net/envios-aceptados/index934a.html]
[viiencuentro.humanidadesdigitales.net/envios-aceptados/indexc65e.html]
[viiencuentro.humanidadesdigitales.net/envios-aceptados/index3545.html]
[viiencuentro.humanidadesdigitales.net/envios-aceptados/index4eb9.html]
[viiencuentro.humanidadesdigitales.net/envios-aceptados/indexd3ac.html]
[viiencuentro.humanidadesdigitales.net/envios-aceptados/index272b.html]
[viiencuentro.humanidadesdigitales.net/envios-aceptados/index1d24.html]
[viiencuentro.humanidadesdigitales.net/envios-aceptados/index8f99.html]
[viiencuentro.humanidadesdigitales.net/envios-aceptados/indexb2f7.html]
[viiencuentro.humanidadesdigitales.net/envios-aceptados/index0c3e.html]
[viiencuentro.humanidadesdigitales.net/envios-aceptados/indexd796.html]
[viiencuentro.humanidadesdigitales.net/envios-aceptados/index5fc6.html]
[viiencuentro.humanidadesdigitales.net/envios-aceptados/indexe5c5.html]
[viiencuentro.humanidadesdigitales.net/envios-aceptados/indexdb41.html]
[viiencuentro.humanidadesdigitales.net/envios-aceptados/index11e4.html]
[viiencuentro.humanidadesdigitales.net/envios-aceptados/index52a5.html]
[viiencuentro.humanidadesdigitales.net/envios-aceptados/index3069.html]
[viiencuentro.humanidadesdigitales.net/envios-aceptados/indexdb68.html]
[viiencuentro.humanidadesdigitales.net/envios-aceptados/index7a20.html]
[viiencuentro.humanidadesdigitales.net/envios-aceptados/indexa734.html]
[viiencuentro.humanidadesdigitales.net/envios-aceptados/indexe7ae.html]
[viiencuentro.humanidadesdigitales.net/envios-aceptados/index470e.html]
[viiencuentro.humanidadesdigitales.net/envios-aceptados/indexe110.html]
[viiencuentro.humanidadesdigitales.net/envios-aceptados/index5ca2.html]
[viiencuentro.humanidadesdigitales.net/envios-aceptados/indexfc73.html]
[viiencuentro.humanidadesdigitales.net/envios-aceptados/index8c46.html]
[viiencuentro.humanidadesdigitales.net/envios-aceptados/indexf260.html]
[viiencuentro.humanidadesdigitales.net/envios-aceptados/indexf318.html]
[viiencuentro.humanidadesdigitales.net/envios-aceptados/index8469.html]
[viiencuentro.humanidadesdigitales.net/envios-aceptados/indexf054.html]
[viiencuentro.humanidadesdigitales.net/envios-aceptados/index18c8.html]
[viiencuentro.humanidadesdigitales.net/envios-aceptados/indexf5f3.html]
[viiencuentro.humanidadesdigitales.net/envios-aceptados/indexaa4f.html]
[viiencuentro.humanidadesdigitales.net/envios-aceptados/index6340.html]
[viiencuentro.humanidadesdigitales.net/envios-aceptados/index8eb8.html]
[viiencuentro.humanidadesdigitales.net/envios-aceptados/indexa875.html]
[viiencuentro.humanidadesdigitales.net/envios-aceptados/index373c.html]
[viiencuentro.humanidadesdigitales.net/envios-aceptados/index4ece.html]
[viiencuentro.humanidadesdigitales.net/envios-aceptados/index4136.html]
[viiencuentro.humanidadesdigitales.net/envios-aceptados/index4014.html]
[viiencuentro.humanidadesdigitales.net/envios-aceptados/index26ae.html]
[viiencuentro.humanidadesdigitales.net/envios-aceptados/indexd2bd.html]
[viiencuentro.humanidadesdigitales.net/envios-aceptados/indexed8e.html]
[viiencuentro.humanidadesdigitales.net/envios-aceptados/index6442.html]
[viiencuentro.humanidadesdigitales.net/envios-aceptados/index3cda.html]
[viiencuentro.humanidadesdigitales.net/envios-aceptados/indexad75.html]
[viiencuentro.humanidadesdigitales.net/envios-aceptados/index0ee8.html]
[viiencuentro.humanidadesdigitales.net/envios-aceptados/index6c66.html]
[viiencuentro.humanidadesdigitales.net/envios-aceptados/indexea0a.html]
[viiencuentro.humanidadesdigitales.net/envios-aceptados/indexfe31.html]
[viiencuentro.humanidadesdigitales.net/envios-aceptados/index8f1c.html]
[viiencuentro.humanidadesdigitales.net/envios-aceptados/index9e41.html]
[viiencuentro.humanidadesdigitales.net/envios-aceptados/index0d3b.html]
[viiencuentro.humanidadesdigitales.net/envios-aceptados/indexb53d.html]
[viiencuentro.humanidadesdigitales.net/envios-aceptados/index5e25.html]
[viiencuentro.humanidadesdigitales.net/envios-aceptados/index123e.html]
[viiencuentro.humanidadesdigitales.net/envios-aceptados/indexfddb.html]
[viiencuentro.humanidadesdigitales.net/envios-aceptados/indexd308.html]
[viiencuentro.humanidadesdigitales.net/envios-aceptados/indexbc3b.html]
[viiencuentro.humanidadesdigitales.net/envios-aceptados/indexf81b.html]
[viiencuentro.humanidadesdigitales.net/wp-content/plugins/elementor/assets/css/widget-menu-anchor.mine7a7.css]
[viiencuentro.humanidadesdigitales.net/indexa36b.html]
[viiencuentro.humanidadesdigitales.net/envio/index6b51.html]
[viiencuentro.humanidadesdigitales.net/wp-content/plugins/wpabstracts_pro/assets/js/polyfill206d.js]
[viiencuentro.humanidadesdigitales.net/wp-content/plugins/wpabstracts_pro/assets/js/form-builder.min206d.js]
[viiencuentro.humanidadesdigitales.net/wp-content/plugins/wpabstracts_pro/assets/js/form-render.min206d.js]
[viiencuentro.humanidadesdigitales.net/envio/indexcd33.html]
[viiencuentro.humanidadesdigitales.net/wp-json/oembed/1.0/embed1ca2.json]
[viiencuentro.humanidadesdigitales.net/wp-json/oembed/1.0/embed387a]
[viiencuentro.humanidadesdigitales.net/wp-content/uploads/2025/05/FondoBecas-scaled.png]
[viiencuentro.humanidadesdigitales.net/wp-content/uploads/2025/05/FondoBecas-movil-2.jpg]
[viiencuentro.humanidadesdigitales.net/wp-json/wp/v2/pages/152.json]
[viiencuentro.humanidadesdigitales.net/wp-content/uploads/essential-addons-elementor/eael-152c8a7.js]
[viiencuentro.humanidadesdigitales.net/wp-content/uploads/essential-addons-elementor/eael-1015c8a7.js]
[viiencuentro.humanidadesdigitales.net/becas/index.html]
[viiencuentro.humanidadesdigitales.net/wp-content/plugins/wpabstracts_pro/assets/css/fonts/glyphicons-halflings-regular.eot]
[viiencuentro.humanidadesdigitales.net/wp-content/plugins/wpabstracts_pro/assets/css/fonts/glyphicons-halflings-regulard41d.eot]
[viiencuentro.humanidadesdigitales.net/wp-content/plugins/wpabstracts_pro/assets/css/fonts/glyphicons-halflings-regular.woff]
[viiencuentro.humanidadesdigitales.net/wp-content/plugins/wpabstracts_pro/assets/css/fonts/glyphicons-halflings-regular.ttf]
[viiencuentro.humanidadesdigitales.net/wp-content/plugins/wpabstracts_pro/assets/css/wpabstracts206d.css]
[viiencuentro.humanidadesdigitales.net/wp-content/plugins/wpabstracts_pro/assets/css/fonts/fa-solid-900.eot]
[viiencuentro.humanidadesdigitales.net/wp-content/plugins/wpabstracts_pro/assets/css/fonts/fa-solid-900d41d.eot]
[viiencuentro.humanidadesdigitales.net/wp-content/plugins/wpabstracts_pro/assets/css/fonts/fa-solid-900.woff2]
[viiencuentro.humanidadesdigitales.net/wp-content/plugins/wpabstracts_pro/assets/css/fonts/fa-solid-900.woff]
[viiencuentro.humanidadesdigitales.net/wp-content/plugins/wpabstracts_pro/assets/css/fonts/fa-solid-900.ttf]
[viiencuentro.humanidadesdigitales.net/wp-content/plugins/wpabstracts_pro/assets/css/fontawesome206d.css]
[viiencuentro.humanidadesdigitales.net/wp-content/plugins/wpabstracts_pro/assets/css/alertify206d.css]
[viiencuentro.humanidadesdigitales.net/wp-content/plugins/wpabstracts_pro/assets/css/images/ui-bg_glass_75_ffffff_1x400.png]
[viiencuentro.humanidadesdigitales.net/wp-content/plugins/wpabstracts_pro/assets/css/images/ui-icons_222222_256x240.png]
[viiencuentro.humanidadesdigitales.net/wp-content/plugins/wpabstracts_pro/assets/css/images/ui-icons_888888_256x240.png]
[viiencuentro.humanidadesdigitales.net/wp-content/plugins/wpabstracts_pro/assets/css/images/ui-icons_454545_256x240.png]
[viiencuentro.humanidadesdigitales.net/wp-content/plugins/wpabstracts_pro/assets/css/images/ui-icons_2e83ff_256x240.png]
[viiencuentro.humanidadesdigitales.net/wp-content/plugins/wpabstracts_pro/assets/css/images/ui-icons_f6cf3b_256x240.png]
[viiencuentro.humanidadesdigitales.net/wp-content/plugins/wpabstracts_pro/assets/css/images/ui-bg_flat_0_aaaaaa_40x100.png]
[viiencuentro.humanidadesdigitales.net/wp-content/plugins/wpabstracts_pro/assets/css/jquery-ui206d.css]
[viiencuentro.humanidadesdigitales.net/wp-content/plugins/wpabstracts_pro/assets/css/jquery-ui-ie206d.css]
[viiencuentro.humanidadesdigitales.net/wp-content/plugins/wpabstracts_pro/assets/images/sort_both.png]
[viiencuentro.humanidadesdigitales.net/wp-content/plugins/wpabstracts_pro/assets/images/sort_asc.png]
[viiencuentro.humanidadesdigitales.net/wp-content/plugins/wpabstracts_pro/assets/images/sort_desc.png]
[viiencuentro.humanidadesdigitales.net/wp-content/plugins/wpabstracts_pro/assets/images/sort_asc_disabled.png]
[viiencuentro.humanidadesdigitales.net/wp-content/plugins/wpabstracts_pro/assets/images/sort_desc_disabled.png]
[viiencuentro.humanidadesdigitales.net/wp-content/plugins/wpabstracts_pro/assets/css/datatables.min206d.css]
[viiencuentro.humanidadesdigitales.net/wp-content/plugins/wpabstracts_pro/assets/css/jquery.multiselect206d.css]
[viiencuentro.humanidadesdigitales.net/index991f.html]
[viiencuentro.humanidadesdigitales.net/index87e6.html]
[viiencuentro.humanidadesdigitales.net/wp-content/plugins/elementor/assets/lib/font-awesome/webfonts/fa-regular-400.eot]
[viiencuentro.humanidadesdigitales.net/wp-content/plugins/elementor/assets/lib/font-awesome/webfonts/fa-regular-400d41d.eot]
[viiencuentro.humanidadesdigitales.net/wp-content/plugins/elementor/assets/lib/font-awesome/webfonts/fa-regular-400.woff2]
[viiencuentro.humanidadesdigitales.net/wp-content/plugins/elementor/assets/lib/font-awesome/webfonts/fa-regular-400.woff]
[viiencuentro.humanidadesdigitales.net/wp-content/plugins/elementor/assets/lib/font-awesome/webfonts/fa-regular-400.ttf]
[viiencuentro.humanidadesdigitales.net/wp-content/plugins/elementor/assets/lib/font-awesome/css/all.minadc6.css]
[viiencuentro.humanidadesdigitales.net/wp-content/plugins/elementor/assets/lib/font-awesome/css/v4-shims.minadc6.css]
[viiencuentro.humanidadesdigitales.net/indexc71e.html]
[viiencuentro.humanidadesdigitales.net/index1557.html]
[viiencuentro.humanidadesdigitales.net/indexa25c.html]
[viiencuentro.humanidadesdigitales.net/indexf42c.html]
[viiencuentro.humanidadesdigitales.net/index03aa.html]
[viiencuentro.humanidadesdigitales.net/wp-content/plugins/elementor/assets/lib/animations/styles/slideInRight.mine7a7.css]
[viiencuentro.humanidadesdigitales.net/index3a9c.html]
[viiencuentro.humanidadesdigitales.net/indexdb20.html]
[viiencuentro.humanidadesdigitales.net/index99b5.html]
[viiencuentro.humanidadesdigitales.net/_https_/viiencuentro.humanidadesdigitales.net/wp-content/uploads/2025/10/Conferencia-Inaugural-2-1024x683.jpg/index.html]
[viiencuentro.humanidadesdigitales.net/_https_/viiencuentro.humanidadesdigitales.net/wp-content/uploads/2025/10/Conferencia-Inaugural-18-1024x683.jpg/index.html]
[viiencuentro.humanidadesdigitales.net/_https_/viiencuentro.humanidadesdigitales.net/wp-content/uploads/2025/10/Conferencia-Inaugural-5-1024x683.jpg/index.html]
[viiencuentro.humanidadesdigitales.net/_https_/viiencuentro.humanidadesdigitales.net/wp-content/uploads/2025/10/Miriam-Pena-683x1024.jpg/index.html]
[viiencuentro.humanidadesdigitales.net/_https_/viiencuentro.humanidadesdigitales.net/wp-content/uploads/2025/10/Conferencia-Inaugural-9-1024x683.jpg/index.html]
[viiencuentro.humanidadesdigitales.net/_https_/viiencuentro.humanidadesdigitales.net/wp-content/uploads/2025/10/Conferencia-Inaugural-13-683x1024.jpg/index.html]
[viiencuentro.humanidadesdigitales.net/_https_/viiencuentro.humanidadesdigitales.net/wp-content/uploads/2025/10/Emma-Freeman-683x1024.jpg/index.html]
[viiencuentro.humanidadesdigitales.net/_https_/viiencuentro.humanidadesdigitales.net/wp-content/uploads/2025/10/Claudia-Uribe-1024x683.jpg/index.html]
[viiencuentro.humanidadesdigitales.net/_https_/viiencuentro.humanidadesdigitales.net/wp-content/uploads/2025/10/Conferencia-Inaugural-17-1024x683.jpg/index.html]
[viiencuentro.humanidadesdigitales.net/_https_/viiencuentro.humanidadesdigitales.net/wp-content/uploads/2025/10/Conferencia-Inaugural-12-683x1024.jpg/index.html]
[viiencuentro.humanidadesdigitales.net/_https_/viiencuentro.humanidadesdigitales.net/wp-content/uploads/2025/10/Conferencia-Inaugural-16-1024x683.jpg/index.html]
[viiencuentro.humanidadesdigitales.net/_https_/viiencuentro.humanidadesdigitales.net/wp-content/uploads/2025/10/Conferencia-Inaugural-11-683x1024.jpg/index.html]
[viiencuentro.humanidadesdigitales.net/_https_/viiencuentro.humanidadesdigitales.net/wp-content/uploads/2025/10/Conferencia-Inaugural-3-683x1024.jpg/index.html]
[viiencuentro.humanidadesdigitales.net/_https_/viiencuentro.humanidadesdigitales.net/wp-content/uploads/2025/10/Conferencia-Inaugural-1024x683.jpg/index.html]
[viiencuentro.humanidadesdigitales.net/_https_/viiencuentro.humanidadesdigitales.net/wp-content/uploads/2025/10/Conferencia-Inaugural-14-683x1024.jpg/index.html]
[viiencuentro.humanidadesdigitales.net/_https_/viiencuentro.humanidadesdigitales.net/wp-content/uploads/2025/10/Conferencia-Inaugural-10-1024x683.jpg/index.html]
[viiencuentro.humanidadesdigitales.net/_https_/viiencuentro.humanidadesdigitales.net/wp-content/uploads/2025/10/Diana-ST-683x1024.jpg/index.html]
[viiencuentro.humanidadesdigitales.net/_https_/viiencuentro.humanidadesdigitales.net/wp-content/uploads/2025/10/Conferencia-Inaugural-8-1024x683.jpg/index.html]
[viiencuentro.humanidadesdigitales.net/_https_/viiencuentro.humanidadesdigitales.net/wp-content/uploads/2025/10/Katherina-Gallardo-1024x683.jpg/index.html]
[viiencuentro.humanidadesdigitales.net/_https_/viiencuentro.humanidadesdigitales.net/wp-content/uploads/2025/10/Conferencia-Inaugural-4-1024x683.jpg/index.html]
[viiencuentro.humanidadesdigitales.net/_https_/viiencuentro.humanidadesdigitales.net/wp-content/uploads/2025/10/Conferencia-Inaugural-15-1024x683.jpg/index.html]
[viiencuentro.humanidadesdigitales.net/_https_/viiencuentro.humanidadesdigitales.net/wp-content/uploads/2025/10/Conferencia-Inaugural-6-1024x683.jpg/index.html]
[viiencuentro.humanidadesdigitales.net/_https_/viiencuentro.humanidadesdigitales.net/wp-content/uploads/2025/10/Conferencia-Inaugural-7-1024x683.jpg/index.html]
[viiencuentro.humanidadesdigitales.net/_https_/viiencuentro.humanidadesdigitales.net/wp-content/uploads/2025/10/Mesa-13-8-682x1024.jpg/index.html]
[viiencuentro.humanidadesdigitales.net/_https_/viiencuentro.humanidadesdigitales.net/wp-content/uploads/2025/10/Mesa-2-2-1024x683.jpg/index.html]
[viiencuentro.humanidadesdigitales.net/_https_/viiencuentro.humanidadesdigitales.net/wp-content/uploads/2025/10/Mesa-1-4-1024x683.jpg/index.html]
[viiencuentro.humanidadesdigitales.net/_https_/viiencuentro.humanidadesdigitales.net/wp-content/uploads/2025/10/Mesa-2-3-1024x683.jpg/index.html]
[viiencuentro.humanidadesdigitales.net/_https_/viiencuentro.humanidadesdigitales.net/wp-content/uploads/2025/10/Mesa-1-1024x683.jpg/index.html]
[viiencuentro.humanidadesdigitales.net/_https_/viiencuentro.humanidadesdigitales.net/wp-content/uploads/2025/10/Mesa-14-2-683x1024.jpg/index.html]
[viiencuentro.humanidadesdigitales.net/_https_/viiencuentro.humanidadesdigitales.net/wp-content/uploads/2025/10/Mesa-14-12-1024x683.jpg/index.html]
[viiencuentro.humanidadesdigitales.net/_https_/viiencuentro.humanidadesdigitales.net/wp-content/uploads/2025/10/Mesa-14-14-1024x683.jpg/index.html]
[viiencuentro.humanidadesdigitales.net/_https_/viiencuentro.humanidadesdigitales.net/wp-content/uploads/2025/10/Mesa-13-1024x683.jpg/index.html]
[viiencuentro.humanidadesdigitales.net/_https_/viiencuentro.humanidadesdigitales.net/wp-content/uploads/2025/10/Mesa-2-9-1024x683.jpg/index.html]
[viiencuentro.humanidadesdigitales.net/_https_/viiencuentro.humanidadesdigitales.net/wp-content/uploads/2025/10/Mesa-1-6-1024x683.jpg/index.html]
[viiencuentro.humanidadesdigitales.net/_https_/viiencuentro.humanidadesdigitales.net/wp-content/uploads/2025/10/Mesa-2-7-1024x683.jpg/index.html]
[viiencuentro.humanidadesdigitales.net/_https_/viiencuentro.humanidadesdigitales.net/wp-content/uploads/2025/10/Mesa-14-13-1024x683.jpg/index.html]
[viiencuentro.humanidadesdigitales.net/_https_/viiencuentro.humanidadesdigitales.net/wp-content/uploads/2025/10/Mesa-14-11-1024x683.jpg/index.html]
[viiencuentro.humanidadesdigitales.net/_https_/viiencuentro.humanidadesdigitales.net/wp-content/uploads/2025/10/Mesa-2-683x1024.jpg/index.html]
[viiencuentro.humanidadesdigitales.net/_https_/viiencuentro.humanidadesdigitales.net/wp-content/uploads/2025/10/Mesa-14-1024x683.jpg/index.html]
[viiencuentro.humanidadesdigitales.net/_https_/viiencuentro.humanidadesdigitales.net/wp-content/uploads/2025/10/Mesa-13-11-1024x683.jpg/index.html]
[viiencuentro.humanidadesdigitales.net/_https_/viiencuentro.humanidadesdigitales.net/wp-content/uploads/2025/10/Mesa-13-2-1024x683.jpg/index.html]
[viiencuentro.humanidadesdigitales.net/_https_/viiencuentro.humanidadesdigitales.net/wp-content/uploads/2025/10/Mesa-14-3-1024x683.jpg/index.html]
[viiencuentro.humanidadesdigitales.net/_https_/viiencuentro.humanidadesdigitales.net/wp-content/uploads/2025/10/Mesa-2-4-1024x683.jpg/index.html]
[viiencuentro.humanidadesdigitales.net/_https_/viiencuentro.humanidadesdigitales.net/wp-content/uploads/2025/10/Mesa-13-9-683x1024.jpg/index.html]
[viiencuentro.humanidadesdigitales.net/_https_/viiencuentro.humanidadesdigitales.net/wp-content/uploads/2025/10/Mesa-14-6-1024x683.jpg/index.html]
[viiencuentro.humanidadesdigitales.net/_https_/viiencuentro.humanidadesdigitales.net/wp-content/uploads/2025/10/Mesa-1-5-1024x683.jpg/index.html]
[viiencuentro.humanidadesdigitales.net/_https_/viiencuentro.humanidadesdigitales.net/wp-content/uploads/2025/10/Mesa-1-2-1024x683.jpg/index.html]
[viiencuentro.humanidadesdigitales.net/_https_/viiencuentro.humanidadesdigitales.net/wp-content/uploads/2025/10/Mesa-13-5-683x1024.jpg/index.html]
[viiencuentro.humanidadesdigitales.net/_https_/viiencuentro.humanidadesdigitales.net/wp-content/uploads/2025/10/Mesa-13-4-1024x683.jpg/index.html]
[viiencuentro.humanidadesdigitales.net/_https_/viiencuentro.humanidadesdigitales.net/wp-content/uploads/2025/10/Mesa-2-5-683x1024.jpg/index.html]
[viiencuentro.humanidadesdigitales.net/_https_/viiencuentro.humanidadesdigitales.net/wp-content/uploads/2025/10/Mesa-13-10-1024x683.jpg/index.html]
[viiencuentro.humanidadesdigitales.net/_https_/viiencuentro.humanidadesdigitales.net/wp-content/uploads/2025/10/Mesa-2-11-1024x683.jpg/index.html]
[viiencuentro.humanidadesdigitales.net/_https_/viiencuentro.humanidadesdigitales.net/wp-content/uploads/2025/10/Mesa-1-3-1024x683.jpg/index.html]
[viiencuentro.humanidadesdigitales.net/_https_/viiencuentro.humanidadesdigitales.net/wp-content/uploads/2025/10/Mesa-14-10-683x1024.jpg/index.html]
[viiencuentro.humanidadesdigitales.net/_https_/viiencuentro.humanidadesdigitales.net/wp-content/uploads/2025/10/Mesa-2-8-1024x683.jpg/index.html]
[viiencuentro.humanidadesdigitales.net/_https_/viiencuentro.humanidadesdigitales.net/wp-content/uploads/2025/10/Mesa-13-3-1024x683.jpg/index.html]
[viiencuentro.humanidadesdigitales.net/_https_/viiencuentro.humanidadesdigitales.net/wp-content/uploads/2025/10/Mesa-2-10-1024x683.jpg/index.html]
[viiencuentro.humanidadesdigitales.net/_https_/viiencuentro.humanidadesdigitales.net/wp-content/uploads/2025/10/Mesa-14-5-1024x683.jpg/index.html]
[viiencuentro.humanidadesdigitales.net/_https_/viiencuentro.humanidadesdigitales.net/wp-content/uploads/2025/10/Mesa-2-6-1024x683.jpg/index.html]
[viiencuentro.humanidadesdigitales.net/_https_/viiencuentro.humanidadesdigitales.net/wp-content/uploads/2025/10/Mesa-13-7-1024x683.jpg/index.html]
[viiencuentro.humanidadesdigitales.net/_https_/viiencuentro.humanidadesdigitales.net/wp-content/uploads/2025/10/Mesa-14-4-1024x683.jpg/index.html]
[viiencuentro.humanidadesdigitales.net/_https_/viiencuentro.humanidadesdigitales.net/wp-content/uploads/2025/10/Hector-Pina-1024x683.jpg/index.html]
[viiencuentro.humanidadesdigitales.net/_https_/viiencuentro.humanidadesdigitales.net/wp-content/uploads/2025/10/Hector-Pina-7-683x1024.jpg/index.html]
[viiencuentro.humanidadesdigitales.net/_https_/viiencuentro.humanidadesdigitales.net/wp-content/uploads/2025/10/Hector-Pina-8-683x1024.jpg/index.html]
[viiencuentro.humanidadesdigitales.net/_https_/viiencuentro.humanidadesdigitales.net/wp-content/uploads/2025/10/Hector-Pina-3-1024x683.jpg/index.html]
[viiencuentro.humanidadesdigitales.net/_https_/viiencuentro.humanidadesdigitales.net/wp-content/uploads/2025/10/Hector-Pina-4-1024x683.jpg/index.html]
[viiencuentro.humanidadesdigitales.net/_https_/viiencuentro.humanidadesdigitales.net/wp-content/uploads/2025/10/Hector-Pina-10-1024x683.jpg/index.html]
[viiencuentro.humanidadesdigitales.net/_https_/viiencuentro.humanidadesdigitales.net/wp-content/uploads/2025/10/Hector-Pina-5-1024x683.jpg/index.html]
[viiencuentro.humanidadesdigitales.net/_https_/viiencuentro.humanidadesdigitales.net/wp-content/uploads/2025/10/Hector-Pina-11-683x1024.jpg/index.html]
[viiencuentro.humanidadesdigitales.net/_https_/viiencuentro.humanidadesdigitales.net/wp-content/uploads/2025/10/Hector-Pina-6-1024x683.jpg/index.html]
[viiencuentro.humanidadesdigitales.net/_https_/viiencuentro.humanidadesdigitales.net/wp-content/uploads/2025/10/Hector-Pina-14-1024x683.jpg/index.html]
[viiencuentro.humanidadesdigitales.net/_https_/viiencuentro.humanidadesdigitales.net/wp-content/uploads/2025/10/Hector-Pina-9-1024x683.jpg/index.html]
[viiencuentro.humanidadesdigitales.net/_https_/viiencuentro.humanidadesdigitales.net/wp-content/uploads/2025/10/Hector-Pina-13-1024x683.jpg/index.html]
[viiencuentro.humanidadesdigitales.net/_https_/viiencuentro.humanidadesdigitales.net/wp-content/uploads/2025/10/Hector-Pina-2-1024x683.jpg/index.html]
[viiencuentro.humanidadesdigitales.net/_https_/viiencuentro.humanidadesdigitales.net/wp-content/uploads/2025/10/Hector-Pina-12-1024x683.jpg/index.html]
[viiencuentro.humanidadesdigitales.net/wp-content/plugins/meow-gallery/app/style.min8a86.css]
[viiencuentro.humanidadesdigitales.net/envios-aceptados/index.html]
[viiencuentro.humanidadesdigitales.net/index9e97.html]
[viiencuentro.humanidadesdigitales.net/index1611.html]
[viiencuentro.humanidadesdigitales.net/wp-content/plugins/wpabstracts_pro/assets/assets/images/attachment_icon.html]
[viiencuentro.humanidadesdigitales.net/wp-content/plugins/wpabstracts_pro/assets/css/fonts/glyphicons-halflings-regular.svg]
[viiencuentro.humanidadesdigitales.net/wp-content/plugins/wpabstracts_pro/assets/css/fonts/fa-solid-900.svg]
[viiencuentro.humanidadesdigitales.net/wp-content/plugins/elementor/assets/lib/font-awesome/webfonts/fa-regular-400.svg]
